2026-06-04T16:58:15.926727800255-16:58:15 **** Clean-only build of project mb_basic_io ****
000-buildplatform.bat 10623 mb_basic_io clean 
000-XSDB Server Channel: tcfchan#22
000-Cleaning the BSP for domain  - standalone_domain
000-make -C microblaze_0/libsrc/bram_v4_7/src -s clean 
000-
000-make -C microblaze_0/libsrc/cpu_v2_14/src -s clean 
000-
000-make -C microblaze_0/libsrc/gpio_v4_8/src -s clean 
000-
000-make -C microblaze_0/libsrc/intc_v3_13/src -s clean 
000-
000-make -C microblaze_0/libsrc/standalone_v7_6/src -s clean 
000-
000-make -C microblaze_0/libsrc/tmrctr_v4_8/src -s clean 
000-
000-make -C microblaze_0/libsrc/uartlite_v3_6/src -s clean 
000-
000-rm -f microblaze_0/lib/libxil.a
000-
00255-
16:58:19 Build Finished (took 3s.214ms)

